

*******************************************************************************
Wed Sep 30 18:38:50 2026


FIT:    data read from "Lab-files/Data/2/Q_ii.txt" using 1:2
        format = x:z
        x range restricted to [-7.00000 : 7.00000]
        #datapoints = 5
        residuals are weighted equally (unit weight)

function used for fitting: y(x)
	y(x)=m * x + c
fitted parameters initialized with current variable values

iter      chisq       delta/lim  lambda   m             c            
   0 3.7695100000e+02   0.00e+00  4.51e+00   -1.000000e+00   5.000000e+00
   4 4.2944032337e-02  -1.69e-07  4.51e-04   -3.177933e+00   5.456229e+00

After 4 iterations the fit converged.
final sum of squares of residuals : 0.042944
rel. change during last iteration : -1.68964e-12

degrees of freedom    (FIT_NDF)                        : 3
rms of residuals      (FIT_STDFIT) = sqrt(WSSR/ndf)    : 0.119644
variance of residuals (reduced chisquare) = WSSR/ndf   : 0.0143147

Final set of parameters            Asymptotic Standard Error
=======================            ==========================
m               = -3.17793         +/- 0.01351      (0.4251%)
c               = 5.45623          +/- 0.05361      (0.9825%)

correlation matrix of the fit parameters:
                m      c      
m               1.000 
c               0.062  1.000 
