

*******************************************************************************
Tue Oct  6 11:51:22 2026


FIT:    data read from "Lab-files/Data/2/Q_iii.txt" using 1:2
        format = x:z
        x range restricted to [0.00000 : 9.00000]
        #datapoints = 5
        residuals are weighted equally (unit weight)

function used for fitting: y(x)
	y(x)= m * x + c
fitted parameters initialized with current variable values

iter      chisq       delta/lim  lambda   m             c            
   0 6.1642290000e+02   0.00e+00  1.08e+01    2.000000e+00  -1.000000e+01
   4 1.5687057247e-03  -7.71e-02  1.08e-03    4.083582e+00  -1.108069e+01

After 4 iterations the fit converged.
final sum of squares of residuals : 0.00156871
rel. change during last iteration : -7.70776e-07

degrees of freedom    (FIT_NDF)                        : 3
rms of residuals      (FIT_STDFIT) = sqrt(WSSR/ndf)    : 0.022867
variance of residuals (reduced chisquare) = WSSR/ndf   : 0.000522902

Final set of parameters            Asymptotic Standard Error
=======================            ==========================
m               = 4.08358          +/- 0.005003     (0.1225%)
c               = -11.0807         +/- 0.02907      (0.2624%)

correlation matrix of the fit parameters:
                m      c      
m               1.000 
c              -0.936  1.000 
