

*******************************************************************************
Tue Oct  6 11:51:22 2026


FIT:    data read from "Lab-files/Data/2/Q_i.txt" using 1:2
        format = x:z
        x range restricted to [-4.00000 : 8.00000]
        #datapoints = 5
        residuals are weighted equally (unit weight)

function used for fitting: y(x)
	y(x)=m*x + c
fitted parameters initialized with current variable values

iter      chisq       delta/lim  lambda   m             c            
   0 6.9734930000e+02   0.00e+00  2.54e+00    1.000000e+00  -1.000000e+00
   4 1.0118483729e-02  -3.54e-04  2.54e-04    4.576226e+00  -2.670619e+00

After 4 iterations the fit converged.
final sum of squares of residuals : 0.0101185
rel. change during last iteration : -3.54296e-09

degrees of freedom    (FIT_NDF)                        : 3
rms of residuals      (FIT_STDFIT) = sqrt(WSSR/ndf)    : 0.0580761
variance of residuals (reduced chisquare) = WSSR/ndf   : 0.00337283

Final set of parameters            Asymptotic Standard Error
=======================            ==========================
m               = 4.57623          +/- 0.008141     (0.1779%)
c               = -2.67062         +/- 0.02811      (1.052%)

correlation matrix of the fit parameters:
                m      c      
m               1.000 
c              -0.382  1.000 
